// Jest Snapshot v1, https://goo.gl/fbAQLP

exports[`Given the Dropdown component when the component is rendered should match the snapshot 1`] = `
<DocumentFragment>
  .c0 {
  width: 5em;
  margin: 0 auto;
}

.c0:hover {
  cursor: pointer;
}

.c1 {
  height: 2rem;
  box-shadow: 0 2px 3px rgba(0,0,0,0.15);
  font-weight: 500;
  font-size: 1.3rem;
  line-height: 2rem;
  text-align: center;
  vertical-align: middle;
  border-radius: .5rem;
}

<div
    class="c0"
  >
    <div
      class="c1"
      data-testid="dropdown-header"
    >
      DENOM
    </div>
  </div>
</DocumentFragment>
`;
