// Jest Snapshot v1, https://goo.gl/fbAQLP

exports[`Given an ExchangeModals component when the component is rendered should match the snapshot 1`] = `
<DocumentFragment>
  <div
    class="sc-kHWWYL gNGEIQ"
  >
    <button
      class="sc-lbVvki eoDudu"
      data-testid="exchanges-modals-buy-button"
    >
      Buy wNOM
    </button>
    <button
      class="sc-lbVvki sc-gGLxEB eoDudu jFTELy"
      data-testid="exchanges-modals-sell-button"
    >
      Sell wNOM
    </button>
  </div>
</DocumentFragment>
`;
